[2025-11-21 14:44:45] login email error: SMTP Error: Could not connect to SMTP host. Failed to connect to server SMTP server error: Failed to connect to server Additional SMTP info: php_network_getaddresses: getaddrinfo for smtp.gmail.com failed: No such host is known. 
[2025-11-21 14:57:27] login email error: SMTP Error: Could not connect to SMTP host. Connection failed. stream_socket_enable_crypto(): SSL: An existing connection was forcibly closed by the remote host SMTP server error: QUIT command failed
[2025-11-21 14:57:48] login email error: SMTP Error: Could not connect to SMTP host. Failed to connect to server SMTP server error: Failed to connect to server SMTP code: 10060 Additional SMTP info: A connection attempt failed because the connected party did not properly respond after a period of time, or established connection failed because connected host has failed to respond
[2025-11-21 14:58:11] login email error: SMTP Error: Could not connect to SMTP host. Failed to connect to server SMTP server error: Failed to connect to server SMTP code: 10060 Additional SMTP info: A connection attempt failed because the connected party did not properly respond after a period of time, or established connection failed because connected host has failed to respond
[2025-11-21 15:37:50] wallet load receipt email error: SMTP Error: data not accepted. SMTP server error: DATA END command failed
[2026-02-18 21:50:15] login email error: SMTP Error: Could not authenticate.
[2026-02-18 21:51:32] login email error: SMTP Error: Could not authenticate.
[2026-02-18 21:52:37] login email error: SMTP Error: Could not authenticate.
[2026-02-18 21:52:40] login email error: SMTP Error: Could not authenticate.
[2026-02-18 21:53:28] login email error: SMTP Error: Could not authenticate.
[2026-03-05 21:41:23] login email error: SMTP Error: data not accepted. SMTP server error: DATA command failed Detail: Daily user sending limit exceeded. For more information on Gmail
sending limits go to
 https://support.google.com/a/answer/166852 d2e1a72fcca58-82739d87e78sm25609188b3a.17 - gsmtp
 SMTP code: 550 Additional SMTP info: 5.4.5
[2026-03-10 20:02:22] login email error: SMTP Error: data not accepted. SMTP server error: DATA command failed Detail: Daily user sending limit exceeded. For more information on Gmail
sending limits go to
 https://support.google.com/a/answer/166852 d9443c01a7336-2aea445491bsm36458825ad.69 - gsmtp
 SMTP code: 550 Additional SMTP info: 5.4.5
[2026-03-10 20:02:32] login email error: SMTP Error: data not accepted. SMTP server error: DATA command failed Detail: Daily user sending limit exceeded. For more information on Gmail
sending limits go to
 https://support.google.com/a/answer/166852 d2e1a72fcca58-829a48676besm12710705b3a.40 - gsmtp
 SMTP code: 550 Additional SMTP info: 5.4.5
[2026-03-10 20:03:53] login email error: SMTP Error: data not accepted. SMTP server error: DATA command failed Detail: Daily user sending limit exceeded. For more information on Gmail
sending limits go to
 https://support.google.com/a/answer/166852 d9443c01a7336-2ae840b2d97sm159691455ad.84 - gsmtp
 SMTP code: 550 Additional SMTP info: 5.4.5
[2026-03-10 20:04:03] login email error: SMTP Error: data not accepted. SMTP server error: DATA command failed Detail: Daily user sending limit exceeded. For more information on Gmail
sending limits go to
 https://support.google.com/a/answer/166852 41be03b00d2f7-c739e0a7156sm12564415a12.2 - gsmtp
 SMTP code: 550 Additional SMTP info: 5.4.5
[2026-03-10 20:04:11] login email error: SMTP Error: data not accepted. SMTP server error: DATA command failed Detail: Daily user sending limit exceeded. For more information on Gmail
sending limits go to
 https://support.google.com/a/answer/166852 98e67ed59e1d1-359f06f945bsm2732675a91.5 - gsmtp
 SMTP code: 550 Additional SMTP info: 5.4.5
[2026-03-10 20:12:51] login email error: SMTP Error: data not accepted. SMTP server error: DATA command failed Detail: Daily user sending limit exceeded. For more information on Gmail
sending limits go to
 https://support.google.com/a/answer/166852 d9443c01a7336-2ae83fb516esm142647265ad.75 - gsmtp
 SMTP code: 550 Additional SMTP info: 5.4.5
[2026-03-26 16:29:31] login email error: SMTP Error: data not accepted. SMTP server error: DATA command failed Detail: Daily user sending limit exceeded. For more information on Gmail
sending limits go to
 https://support.google.com/a/answer/166852 98e67ed59e1d1-35c1f36b4b6sm475905a91.11 - gsmtp
 SMTP code: 550 Additional SMTP info: 5.4.5
[2026-03-27 16:15:51] login email error: SMTP Error: data not accepted. SMTP server error: DATA command failed Detail: Daily user sending limit exceeded. For more information on Gmail
sending limits go to
 https://support.google.com/a/answer/166852 d9443c01a7336-2b0bc883c0asm55689795ad.45 - gsmtp
 SMTP code: 550 Additional SMTP info: 5.4.5
[2026-03-27 18:09:36] login email error: SMTP Error: data not accepted. SMTP server error: DATA command failed Detail: Daily user sending limit exceeded. For more information on Gmail
sending limits go to
 https://support.google.com/a/answer/166852 d9443c01a7336-2b0bc7afad1sm68401155ad.31 - gsmtp
 SMTP code: 550 Additional SMTP info: 5.4.5
[2026-04-10 22:58:27] login email error: SMTP Error: data not accepted. SMTP server error: DATA command failed Detail: Daily user sending limit exceeded. For more information on Gmail
sending limits go to
 https://support.google.com/a/answer/166852 d2e1a72fcca58-82f0c338dafsm3469122b3a.17 - gsmtp
 SMTP code: 550 Additional SMTP info: 5.4.5
[2026-04-10 22:59:08] login email error: SMTP Error: data not accepted. SMTP server error: DATA command failed Detail: Daily user sending limit exceeded. For more information on Gmail
sending limits go to
 https://support.google.com/a/answer/166852 d9443c01a7336-2b2d4ddcda9sm32795425ad.28 - gsmtp
 SMTP code: 550 Additional SMTP info: 5.4.5
[2026-04-10 23:12:29] login email error: SMTP Error: data not accepted. SMTP server error: DATA command failed Detail: Daily user sending limit exceeded. For more information on Gmail
sending limits go to
 https://support.google.com/a/answer/166852 98e67ed59e1d1-35e4131d3f2sm3619662a91.12 - gsmtp
 SMTP code: 550 Additional SMTP info: 5.4.5
[2026-04-10 23:13:22] login email error: SMTP Error: data not accepted. SMTP server error: DATA command failed Detail: Daily user sending limit exceeded. For more information on Gmail
sending limits go to
 https://support.google.com/a/answer/166852 d9443c01a7336-2b2d4f0b284sm33372685ad.52 - gsmtp
 SMTP code: 550 Additional SMTP info: 5.4.5
[2026-04-10 23:14:17] login email error: SMTP Error: data not accepted. SMTP server error: DATA command failed Detail: Daily user sending limit exceeded. For more information on Gmail
sending limits go to
 https://support.google.com/a/answer/166852 d2e1a72fcca58-82f0c4b5a79sm3427754b3a.30 - gsmtp
 SMTP code: 550 Additional SMTP info: 5.4.5
[2026-04-10 23:16:36] login email error: SMTP Error: data not accepted. SMTP server error: DATA command failed Detail: Daily user sending limit exceeded. For more information on Gmail
sending limits go to
 https://support.google.com/a/answer/166852 41be03b00d2f7-c79216fd6edsm3354472a12.3 - gsmtp
 SMTP code: 550 Additional SMTP info: 5.4.5
[2026-04-10 23:22:21] login email error: SMTP Error: data not accepted. SMTP server error: DATA command failed Detail: Daily user sending limit exceeded. For more information on Gmail
sending limits go to
 https://support.google.com/a/answer/166852 41be03b00d2f7-c79218fc462sm2965795a12.8 - gsmtp
 SMTP code: 550 Additional SMTP info: 5.4.5
[2026-04-10 23:22:36] login email error: SMTP Error: data not accepted. SMTP server error: DATA command failed Detail: Daily user sending limit exceeded. For more information on Gmail
sending limits go to
 https://support.google.com/a/answer/166852 d9443c01a7336-2b2d4dabcdesm35316115ad.2 - gsmtp
 SMTP code: 550 Additional SMTP info: 5.4.5
[2026-04-16 16:38:54] login email error: SMTP Error: Could not connect to SMTP host. Failed to connect to server SMTP server error: Failed to connect to server Additional SMTP info: php_network_getaddresses: getaddrinfo for smtp.gmail.com failed: No such host is known. 
[2026-04-25 21:38:21] login email error: SMTP Error: data not accepted. SMTP server error: DATA command failed Detail: Daily user sending limit exceeded. For more information on Gmail
sending limits go to
 https://support.google.com/a/answer/166852 d2e1a72fcca58-82f8e981829sm32139495b3a.12 - gsmtp
 SMTP code: 550 Additional SMTP info: 5.4.5
[2026-04-27 23:20:19] login email error: SMTP Error: data not accepted. SMTP server error: DATA command failed Detail: Daily user sending limit exceeded. For more information on Gmail
sending limits go to
 https://support.google.com/a/answer/166852 41be03b00d2f7-c7976f9dfc8sm27503602a12.12 - gsmtp
 SMTP code: 550 Additional SMTP info: 5.4.5
[2026-04-28 15:34:00] login email error: SMTP Error: Could not connect to SMTP host. Failed to connect to server SMTP server error: Failed to connect to server Additional SMTP info: php_network_getaddresses: getaddrinfo for smtp.gmail.com failed: No such host is known. 
[2026-04-28 15:37:25] login email error: SMTP Error: Could not connect to SMTP host. Failed to connect to server SMTP server error: Failed to connect to server Additional SMTP info: php_network_getaddresses: getaddrinfo for smtp.gmail.com failed: No such host is known. 
[2026-04-28 15:44:10] login email error: SMTP Error: Could not connect to SMTP host. Failed to connect to server SMTP server error: Failed to connect to server Additional SMTP info: php_network_getaddresses: getaddrinfo for smtp.gmail.com failed: No such host is known. 
[2026-04-28 15:48:42] login email error: SMTP Error: Could not connect to SMTP host. Failed to connect to server SMTP server error: Failed to connect to server Additional SMTP info: php_network_getaddresses: getaddrinfo for smtp.gmail.com failed: No such host is known. 
[2026-05-03 14:30:02] login email error: SMTP Error: data not accepted. SMTP server error: DATA command failed Detail: Daily user sending limit exceeded. For more information on Gmail
sending limits go to
 https://support.google.com/a/answer/166852 d2e1a72fcca58-835532a3aa2sm1086449b3a.41 - gsmtp
 SMTP code: 550 Additional SMTP info: 5.4.5
[2026-05-03 15:20:34] login email error: SMTP Error: data not accepted. SMTP server error: DATA command failed Detail: Daily user sending limit exceeded. For more information on Gmail
sending limits go to
 https://support.google.com/a/answer/166852 d9443c01a7336-2b9cae0e605sm67089025ad.41 - gsmtp
 SMTP code: 550 Additional SMTP info: 5.4.5
[2026-05-03 15:20:37] login email error: SMTP Error: data not accepted. SMTP server error: DATA command failed Detail: Daily user sending limit exceeded. For more information on Gmail
sending limits go to
 https://support.google.com/a/answer/166852 d9443c01a7336-2b9cae6ac32sm70336125ad.83 - gsmtp
 SMTP code: 550 Additional SMTP info: 5.4.5
[2026-05-03 17:58:54] login email error: SMTP Error: data not accepted. SMTP server error: DATA command failed Detail: Daily user sending limit exceeded. For more information on Gmail
sending limits go to
 https://support.google.com/a/answer/166852 d2e1a72fcca58-83515acfd8csm7939484b3a.29 - gsmtp
 SMTP code: 550 Additional SMTP info: 5.4.5
[2026-05-03 18:02:40] login email error: SMTP Error: data not accepted. SMTP server error: DATA command failed Detail: Daily user sending limit exceeded. For more information on Gmail
sending limits go to
 https://support.google.com/a/answer/166852 98e67ed59e1d1-364ec03cf53sm9871165a91.16 - gsmtp
 SMTP code: 550 Additional SMTP info: 5.4.5
[2026-05-03 18:07:32] login email error: SMTP Error: data not accepted. SMTP server error: DATA command failed Detail: Daily user sending limit exceeded. For more information on Gmail
sending limits go to
 https://support.google.com/a/answer/166852 d9443c01a7336-2b9cae16a9esm68218175ad.50 - gsmtp
 SMTP code: 550 Additional SMTP info: 5.4.5
[2026-05-03 18:09:00] login email error: SMTP Error: data not accepted. SMTP server error: DATA command failed Detail: Daily user sending limit exceeded. For more information on Gmail
sending limits go to
 https://support.google.com/a/answer/166852 d9443c01a7336-2b9cae363d9sm71902635ad.57 - gsmtp
 SMTP code: 550 Additional SMTP info: 5.4.5
[2026-05-03 18:37:44] login email error: SMTP Error: data not accepted. SMTP server error: DATA command failed Detail: Daily user sending limit exceeded. For more information on Gmail
sending limits go to
 https://support.google.com/a/answer/166852 d9443c01a7336-2b9caa7ee38sm69149225ad.16 - gsmtp
 SMTP code: 550 Additional SMTP info: 5.4.5
[2026-05-03 18:38:08] login email error: SMTP Error: data not accepted. SMTP server error: DATA command failed Detail: Daily user sending limit exceeded. For more information on Gmail
sending limits go to
 https://support.google.com/a/answer/166852 41be03b00d2f7-c8025008cb9sm1743291a12.30 - gsmtp
 SMTP code: 550 Additional SMTP info: 5.4.5
[2026-05-05 13:04:43] RFID load receipt error: Email sending is not configured. Set up Gmail SMTP in mailer.php or mail_config.php.
[2026-05-05 13:10:58] RFID load receipt error: Email sending is not configured. Set up Gmail SMTP in mailer.php or mail_config.php.
[2026-05-05 13:11:43] RFID load receipt error: Email sending is not configured. Set up Gmail SMTP in mailer.php or mail_config.php.
[2026-05-05 13:12:11] RFID load receipt error: Email sending is not configured. Set up Gmail SMTP in mailer.php or mail_config.php.
[2026-05-05 22:27:32] RFID load receipt error: Email sending is not configured. Set up Gmail SMTP in mailer.php or mail_config.php.
[2026-05-05 22:28:00] extend_membership receipt error: SMTP Error: data not accepted. SMTP server error: DATA command failed Detail: Daily user sending limit exceeded. For more information on Gmail
sending limits go to
 https://support.google.com/a/answer/166852 d2e1a72fcca58-839659487afsm2341227b3a.18 - gsmtp
 SMTP code: 550 Additional SMTP info: 5.4.5
[2026-05-06 03:00:40] RFID load receipt error: Email sending is not configured. Set up Gmail SMTP in mailer.php or mail_config.php.
[2026-05-06 03:01:55] extend_membership receipt error: SMTP Error: Could not connect to SMTP host. Failed to connect to server SMTP server error: Failed to connect to server Additional SMTP info: php_network_getaddresses: getaddrinfo for smtp.gmail.com failed: No such host is known. 
[2026-05-06 07:04:21] RFID load receipt error: Email sending is not configured. Set up Gmail SMTP in mailer.php or mail_config.php.
[2026-05-06 07:12:54] RFID load receipt error: Email sending is not configured. Set up Gmail SMTP in mailer.php or mail_config.php.
[2026-05-06 07:14:22] extend_membership receipt error: SMTP Error: Could not connect to SMTP host. Failed to connect to server SMTP server error: Failed to connect to server Additional SMTP info: php_network_getaddresses: getaddrinfo for smtp.gmail.com failed: No such host is known. 
[2026-05-06 10:48:54] RFID load receipt error: Email sending is not configured. Set up Gmail SMTP in mailer.php or mail_config.php.
[2026-05-06 10:53:06] RFID load receipt error: Email sending is not configured. Set up Gmail SMTP in mailer.php or mail_config.php.
[2026-05-13 03:35:05] RFID load receipt error: Email sending is not configured. Set up Gmail SMTP in mailer.php or mail_config.php.
[2026-05-13 03:48:09] RFID load receipt error: Email sending is not configured. Set up Gmail SMTP in mailer.php or mail_config.php.
[2026-05-13 04:03:17] RFID load receipt error: Email sending is not configured. Set up Gmail SMTP in mailer.php or mail_config.php.
